<html>
<body>
<pre>
<h1>礦ision Build Log</h1>
<h2>Tool Versions:</h2>
IDE-Version: μVision V5.28.0.0
Copyright (C) 2019 ARM Ltd and ARM Germany GmbH. All rights reserved.
License Information: 鲁 亮, 重庆理工大学, LIC=FQQCX-HBJ8R-WIJ5K-Z7FA3-7CGLL-SEJCL
 
Tool Versions:
Toolchain:       MDK-ARM Professional  Version: 5.28.0.0
Toolchain Path:  C:\Work\Keil_v5\ARM\ARMCC\Bin
C Compiler:      Armcc.exe V5.06 update 6 (build 750)
Assembler:       Armasm.exe V5.06 update 6 (build 750)
Linker/Locator:  ArmLink.exe V5.06 update 6 (build 750)
Library Manager: ArmAr.exe V5.06 update 6 (build 750)
Hex Converter:   FromElf.exe V5.06 update 6 (build 750)
CPU DLL:         SARMCM3.DLL V5.28.0.0
Dialog DLL:      DCM.DLL V1.17.3.0
Target DLL:      Segger\JL2CM3.dll V2.99.36.0
Dialog DLL:      TCM.DLL V1.36.2.0
 
<h2>Project:</h2>
E:\Car_locator_design\software\Car_Locator\project.uvprojx
Project File Date:  09/09/2019

<h2>Output:</h2>
*** Using Compiler 'V5.06 update 6 (build 750)', folder: 'C:\Work\Keil_v5\ARM\ARMCC\Bin'
Build target 'rt-thread'
compiling components.c...
compiling clock.c...
compiling cpu.c...
compiling device.c...
compiling idle.c...
compiling irq.c...
compiling ipc.c...
compiling kservice.c...
compiling mem.c...
compiling mempool.c...
compiling object.c...
compiling scheduler.c...
compiling signal.c...
compiling thread.c...
compiling timer.c...
compiling main.c...
compiling key.c...
compiling led.c...
compiling minmea.c...
compiling board.c...
compiling at_socket_a9g.c...
applications\at_socket_a9g.c(1603): warning:  #550-D: variable "client"  was set but never used
  		at_client_t client = RT_NULL;
applications\at_socket_a9g.c(858): warning:  #177-D: function "uart_putstring"  was declared but never referenced
  static void uart_putstring(const rt_uint8_t *s)
applications\at_socket_a9g.c: 2 warnings, 0 errors
compiling stm32f4xx_hal_msp.c...
compiling sdcard_port.c...
compiling drv_usart.c...
compiling drv_gpio.c...
compiling drv_sdio.c...
compiling mqtt-example.c...
compiling ota_mqtt-example.c...
packages\ali-iotkit-v2.0.4\samples\ota\ota_mqtt-example.c(285): warning:  #188-D: enumerated type mixed with another type
                      IOT_OTA_ReportProgress(h_ota, percent, NULL);
packages\ali-iotkit-v2.0.4\samples\ota\ota_mqtt-example.c(286): warning:  #188-D: enumerated type mixed with another type
                      IOT_OTA_ReportProgress(h_ota, percent, "hello");
packages\ali-iotkit-v2.0.4\samples\ota\ota_mqtt-example.c(386): warning:  #167-D: argument of type "void *" is incompatible with parameter of type "void (*)(void *)"
          (void*)mqtt_client, NULL,
packages\ali-iotkit-v2.0.4\samples\ota\ota_mqtt-example.c: 3 warnings, 0 errors
compiling iotx_ca_cert.c...
compiling drv_common.c...
compiling iotx_coap_api.c...
compiling CoAPDeserialize.c...
compiling CoAPExport.c...
compiling CoAPMessage.c...
compiling CoAPNetwork.c...
compiling CoAPSerialize.c...
compiling lite-log.c...
compiling mqtt_instance.c...
packages\ali-iotkit-v2.0.4\iotkit-embedded\src\mqtt\Link-MQTT\mqtt_instance.c(26): warning:  #550-D: variable "abort_request"  was set but never used
  static int abort_request = 0;
packages\ali-iotkit-v2.0.4\iotkit-embedded\src\mqtt\Link-MQTT\mqtt_instance.c: 1 warning, 0 errors
compiling MQTTConnectClient.c...
compiling mqtt_client.c...
compiling MQTTDeserializePublish.c...
compiling MQTTPacket.c...
compiling MQTTSerializePublish.c...
compiling MQTTSubscribeClient.c...
compiling MQTTUnsubscribeClient.c...
compiling ota.c...
compiling json_parser.c...
compiling json_token.c...
compiling lite-utils_testsuites.c...
compiling mem_stats.c...
compiling string_utils.c...
compiling ca.c...
compiling class_interface.c...
packages\ali-iotkit-v2.0.4\iotkit-embedded\src\system\iotkit-system\class_interface.h(29): warning:  #1-D: last line of file ends without a newline
  #endif /* __CLASS_INTERFACE_H__ */
packages\ali-iotkit-v2.0.4\iotkit-embedded\src\system\iotkit-system\src\class_interface.c(58): warning:  #1-D: last line of file ends without a newline
  }
packages\ali-iotkit-v2.0.4\iotkit-embedded\src\system\iotkit-system\src\class_interface.c: 2 warnings, 0 errors
compiling guider.c...
compiling id2_guider.c...
compiling report.c...
compiling iotx_device.c...
compiling sdk-impl.c...
compiling utils_epoch_time.c...
compiling utils_httpc.c...
compiling utils_list.c...
compiling utils_net.c...
compiling utils_timer.c...
compiling utils_base64.c...
compiling utils_hmac.c...
compiling utils_md5.c...
compiling utils_sha256.c...
compiling utils_sha1.c...
compiling HAL_OS_rtthread.c...
compiling HAL_TCP_rtthread.c...
compiling HAL_UDP_rtthread.c...
compiling HAL_DTLS_mbedtls.c...
compiling HAL_TLS_mbedtls.c...
packages\ali-iotkit-v2.0.4\ports\ssl\mbedtls\HAL_TLS_mbedtls.c(568): warning:  #1-D: last line of file ends without a newline
  }
packages\ali-iotkit-v2.0.4\ports\ssl\mbedtls\HAL_TLS_mbedtls.c: 1 warning, 0 errors
compiling at_client_sample.c...
compiling at_socket_ec20.c...
compiling at_socket_esp8266.c...
compiling at_socket_m26.c...
compiling at_socket_rw007.c...
compiling at_socket_sim76xx.c...
compiling aes.c...
compiling at_socket_sim800c.c...
compiling aesni.c...
compiling arc4.c...
compiling asn1parse.c...
compiling asn1write.c...
compiling base64.c...
compiling blowfish.c...
compiling camellia.c...
compiling bignum.c...
compiling ccm.c...
compiling certs.c...
compiling cipher.c...
compiling cipher_wrap.c...
compiling cmac.c...
compiling ctr_drbg.c...
compiling debug.c...
compiling des.c...
compiling ecdh.c...
compiling dhm.c...
compiling ecdsa.c...
compiling ecjpake.c...
compiling entropy.c...
compiling ecp_curves.c...
compiling ecp.c...
compiling entropy_poll.c...
compiling error.c...
compiling havege.c...
compiling gcm.c...
compiling hmac_drbg.c...
compiling md.c...
compiling md2.c...
compiling md4.c...
compiling md5.c...
compiling memory_buffer_alloc.c...
compiling md_wrap.c...
compiling oid.c...
compiling padlock.c...
compiling pem.c...
compiling pk.c...
compiling pk_wrap.c...
compiling pkcs11.c...
compiling pkcs12.c...
compiling pkcs5.c...
compiling pkparse.c...
compiling pkwrite.c...
compiling platform.c...
compiling rsa_internal.c...
compiling ripemd160.c...
compiling rsa.c...
compiling sha1.c...
compiling sha256.c...
compiling ssl_cache.c...
compiling sha512.c...
compiling ssl_ciphersuites.c...
compiling ssl_cookie.c...
compiling ssl_cli.c...
compiling ssl_ticket.c...
compiling ssl_srv.c...
compiling threading.c...
compiling timing.c...
compiling version.c...
compiling version_features.c...
compiling x509.c...
compiling ssl_tls.c...
compiling x509_create.c...
compiling x509_crl.c...
compiling x509_csr.c...
compiling x509write_crt.c...
compiling x509_crt.c...
packages\mbedtls-v2.7.10\mbedtls\library\x509_crt.c(1205): warning:  #223-D: function "stat" declared implicitly
          else if( stat( entry_name, &sb ) == -1 )
packages\mbedtls-v2.7.10\mbedtls\library\x509_crt.c: 1 warning, 0 errors
compiling x509write_csr.c...
compiling xtea.c...
compiling aes_alt.c...
compiling arc4_alt.c...
compiling des_alt.c...
compiling md5_alt.c...
compiling rsa_alt.c...
compiling sha1_alt.c...
compiling sha256_alt.c...
compiling sha512_alt.c...
compiling timing_alt.c...
compiling tls_certificate.c...
compiling tls_hardware.c...
compiling tls_client.c...
compiling tls_net.c...
packages\mbedtls-v2.7.10\ports\src\tls_net.c(298): warning:  #223-D: function "fcntl" declared implicitly
      if( ( fcntl( ctx->fd, F_GETFL) & O_NONBLOCK ) != O_NONBLOCK )
packages\mbedtls-v2.7.10\ports\src\tls_net.c: 1 warning, 0 errors
compiling backtrace.c...
compiling div0.c...
compiling showmem.c...
compiling cpuport.c...
compiling dfs.c...
compiling dfs_file.c...
compiling dfs_fs.c...
compiling dfs_posix.c...
compiling poll.c...
compiling select.c...
compiling devfs.c...
compiling dfs_elm.c...
compiling ccsbcs.c...
compiling pin.c...
compiling ff.c...
compiling rtc.c...
compiling block_dev.c...
compiling mmcsd_core.c...
compiling sd.c...
compiling mmc.c...
compiling sdio.c...
compiling serial.c...
compiling completion.c...
compiling dataqueue.c...
compiling pipe.c...
compiling ringblk_buf.c...
compiling ringbuffer.c...
compiling waitqueue.c...
compiling workqueue.c...
compiling symbol.c...
compiling shell.c...
compiling cmd.c...
compiling msh.c...
compiling msh_cmd.c...
compiling msh_file.c...
compiling libc.c...
compiling mem_std.c...
compiling stdio.c...
compiling stubs.c...
compiling time.c...
compiling gmtime_r.c...
compiling at_utils.c...
compiling at_cli.c...
compiling at_client.c...
compiling netdev_ipaddr.c...
compiling netdev.c...
compiling sal_ipaddr.c...
compiling at_socket.c...
compiling net_netdb.c...
compiling sal_socket.c...
compiling proto_mbedtls.c...
compiling net_sockets.c...
compiling dfs_net.c...
compiling af_inet_at.c...
compiling system_stm32f4xx.c...
compiling stm32f4xx_hal.c...
compiling stm32f4xx_hal_cec.c...
compiling stm32f4xx_hal_cortex.c...
compiling stm32f4xx_hal_crc.c...
compiling stm32f4xx_hal_cryp.c...
compiling stm32f4xx_hal_cryp_ex.c...
compiling stm32f4xx_hal_dma_ex.c...
compiling stm32f4xx_hal_dma.c...
compiling stm32f4xx_hal_pwr.c...
compiling stm32f4xx_hal_pwr_ex.c...
compiling stm32f4xx_hal_rcc.c...
compiling stm32f4xx_hal_rcc_ex.c...
compiling stm32f4xx_hal_rng.c...
compiling stm32f4xx_hal_gpio.c...
compiling stm32f4xx_hal_uart.c...
compiling stm32f4xx_hal_usart.c...
compiling stm32f4xx_hal_rtc.c...
compiling stm32f4xx_hal_rtc_ex.c...
compiling stm32f4xx_ll_sdmmc.c...
compiling stm32f4xx_hal_sd.c...
linking...
Program Size: Code=365854 RO-data=74430 RW-data=1392 ZI-data=15856  
After Build - User command #1: fromelf --bin .\build\keil\Obj\rt-thread.axf --output rtthread.bin
".\build\keil\Obj\rt-thread.axf" - 0 Error(s), 11 Warning(s).

<h2>Software Packages used:</h2>

Package Vendor: Keil
                http://www.keil.com/pack/Keil.STM32F4xx_DFP.2.13.0.pack
                Keil.STM32F4xx_DFP.2.13.0
                STMicroelectronics STM32F4 Series Device Support, Drivers and Examples

<h2>Collection of Component include folders:</h2>
  .\RTE\_rt-thread
  C:\Work\Keil_v5\ARM\PACK\Keil\STM32F4xx_DFP\2.13.0\Drivers\CMSIS\Device\ST\STM32F4xx\Include

<h2>Collection of Component Files used:</h2>
Build Time Elapsed:  00:01:55
</pre>
</body>
</html>
