<html>
<body>
<pre>
<h1>礦ision Build Log</h1>
<h2>Tool Versions:</h2>
IDE-Version: μVision V5.29.0.0
Copyright (C) 2019 ARM Ltd and ARM Germany GmbH. All rights reserved.
License Information: 鲁 亮, 重庆理工大学, LIC=YA39H-W9JUC-QD1KD-8RCVH-X5RI0-JGTN2
 
Tool Versions:
Toolchain:       MDK-ARM Plus  Version: 5.29.0.0
Toolchain Path:  D:\Keil_v5\ARM\ARMCC\Bin
C Compiler:      Armcc.exe V5.06 update 6 (build 750)
Assembler:       Armasm.exe V5.06 update 6 (build 750)
Linker/Locator:  ArmLink.exe V5.06 update 6 (build 750)
Library Manager: ArmAr.exe V5.06 update 6 (build 750)
Hex Converter:   FromElf.exe V5.06 update 6 (build 750)
CPU DLL:         SARMCM3.DLL V5.29.0.0
Dialog DLL:      DCM.DLL V1.17.3.0
Target DLL:      Segger\JL2CM3.dll V2.99.36.0
Dialog DLL:      TCM.DLL V1.36.5.0
 
<h2>Project:</h2>
G:\Car_Locator\project.uvprojx
Project File Date:  11/22/2019

<h2>Output:</h2>
*** Using Compiler 'V5.06 update 6 (build 750)', folder: 'D:\Keil_v5\ARM\ARMCC\Bin'
Build target 'rt-thread'
compiling mqtt-example.c...
packages\ali-iotkit-v2.0.3\samples\mqtt\mqtt-example.c(559): warning:  #1035-D: single-precision operand implicitly converted to double-precision
              ++pub_msg_cnt, (float)gps_data.latitude / 100000.0, (float)gps_data.longitude / 100000.0, (float)gps_data.altitude / 10.0);
packages\ali-iotkit-v2.0.3\samples\mqtt\mqtt-example.c(559): warning:  #1035-D: single-precision operand implicitly converted to double-precision
              ++pub_msg_cnt, (float)gps_data.latitude / 100000.0, (float)gps_data.longitude / 100000.0, (float)gps_data.altitude / 10.0);
packages\ali-iotkit-v2.0.3\samples\mqtt\mqtt-example.c(559): warning:  #1035-D: single-precision operand implicitly converted to double-precision
              ++pub_msg_cnt, (float)gps_data.latitude / 100000.0, (float)gps_data.longitude / 100000.0, (float)gps_data.altitude / 10.0);
packages\ali-iotkit-v2.0.3\samples\mqtt\mqtt-example.c(513): warning:  #177-D: variable "rgb_switch"  was declared but never referenced
      uint8_t rgb_switch = 0, rand_num_r = 0, rand_num_g = 0, rand_num_b = 0;
packages\ali-iotkit-v2.0.3\samples\mqtt\mqtt-example.c(513): warning:  #177-D: variable "rand_num_r"  was declared but never referenced
      uint8_t rgb_switch = 0, rand_num_r = 0, rand_num_g = 0, rand_num_b = 0;
packages\ali-iotkit-v2.0.3\samples\mqtt\mqtt-example.c(513): warning:  #177-D: variable "rand_num_g"  was declared but never referenced
      uint8_t rgb_switch = 0, rand_num_r = 0, rand_num_g = 0, rand_num_b = 0;
packages\ali-iotkit-v2.0.3\samples\mqtt\mqtt-example.c(513): warning:  #177-D: variable "rand_num_b"  was declared but never referenced
      uint8_t rgb_switch = 0, rand_num_r = 0, rand_num_g = 0, rand_num_b = 0;
packages\ali-iotkit-v2.0.3\samples\mqtt\mqtt-example.c: 7 warnings, 0 errors
linking...
Program Size: Code=211504 RO-data=27992 RW-data=1332 ZI-data=15420  
After Build - User command #1: fromelf --bin .\build\keil\Obj\rt-thread.axf --output rtthread.bin
".\build\keil\Obj\rt-thread.axf" - 0 Error(s), 7 Warning(s).

<h2>Software Packages used:</h2>

Package Vendor: Keil
                http://www.keil.com/pack/Keil.STM32F4xx_DFP.1.0.8.pack
                Keil.STM32F4xx_DFP.1.0.8
                STMicroelectronics STM32F4 Series Device Support, Drivers and Examples

<h2>Collection of Component include folders:</h2>
  .\RTE\_rt-thread
  D:\Keil_v5\Arm\Packs\Keil\STM32F4xx_DFP\1.0.8\Device\Include

<h2>Collection of Component Files used:</h2>
Build Time Elapsed:  00:00:05
</pre>
</body>
</html>
